\BOOKMARK [0][-]{chapter.1}{Introduction to the Pravyom Infrastructure Platform}{}% 1
\BOOKMARK [1][-]{section.1.1}{Motivation and Context}{chapter.1}% 2
\BOOKMARK [1][-]{section.1.2}{High-Level Architecture}{chapter.1}% 3
\BOOKMARK [1][-]{section.1.3}{Research Questions and Contributions}{chapter.1}% 4
\BOOKMARK [1][-]{section.1.4}{Methodology and Evidence}{chapter.1}% 5
\BOOKMARK [1][-]{section.1.5}{Organization of the Remainder of This Document}{chapter.1}% 6
\BOOKMARK [0][-]{chapter.2}{BPCI / BPI / Herm\350s Proof Log}{}% 7
\BOOKMARK [1][-]{section.2.1}{Purpose}{chapter.2}% 8
\BOOKMARK [1][-]{section.2.2}{Environment Summary}{chapter.2}% 9
\BOOKMARK [1][-]{section.2.3}{BPCI Constellation 1-Minute Demo}{chapter.2}% 10
\BOOKMARK [2][-]{subsection.2.3.1}{Constellation Setup}{section.2.3}% 11
\BOOKMARK [2][-]{subsection.2.3.2}{Demo Command and Report}{section.2.3}% 12
\BOOKMARK [1][-]{section.2.4}{BPI <-> BPCI Lifecycle Demo}{chapter.2}% 13
\BOOKMARK [2][-]{subsection.2.4.1}{Command and Report}{section.2.4}% 14
\BOOKMARK [1][-]{section.2.5}{Hermes-Lite Web-4 Mesh Demo}{chapter.2}% 15
\BOOKMARK [2][-]{subsection.2.5.1}{Command and Report}{section.2.5}% 16
\BOOKMARK [1][-]{section.2.6}{Hermes P2P Decentralization Phase Simulation}{chapter.2}% 17
\BOOKMARK [2][-]{subsection.2.6.1}{Command and Report}{section.2.6}% 18
\BOOKMARK [1][-]{section.2.7}{Additional Tests and Logs}{chapter.2}% 19
\BOOKMARK [2][-]{subsection.2.7.1}{Example Placeholder}{section.2.7}% 20
\BOOKMARK [0][-]{chapter.3}{Mathematical Foundations of the Pravyom Platform}{}% 21
